>> create_remote drill-2026-Q4
2026-10-01 19:39:50.446 INF pkg/clickhouse/clickhouse.go:171 > clickhouse connection success: tcp://127.0.0.1:9000
2026-10-01 19:39:50.446 INF pkg/clickhouse/clickhouse.go:1486 > SELECT value FROM `system`.`build_options` where name='VERSION_INTEGER'
2026-10-01 19:39:50.447 INF pkg/clickhouse/clickhouse.go:1486 > SELECT data_path AS metadata_path FROM system.databases WHERE name = 'system' LIMIT 1
2026-10-01 19:39:50.448 INF pkg/clickhouse/clickhouse.go:1486 > SELECT name, engine FROM system.databases WHERE NOT match(name,'^(system|INFORMATION_SCHEMA|information_schema|_temporary_and_external_tables|ch_drill_scratch)$') AND match(name,'^(exchange_analytics)$')
2026-10-01 19:39:50.449 INF pkg/clickhouse/clickhouse.go:1486 > SHOW CREATE DATABASE `exchange_analytics`
2026-10-01 19:39:50.455 INF pkg/clickhouse/clickhouse.go:1484 > SELECT name, count(*) as is_present FROM system.settings WHERE name IN (?, ?) GROUP BY name with args []interface {}{"show_table_uuid_in_table_create_query_if_not_nil", "format_display_secrets_in_show_and_select"}
2026-10-01 19:39:50.458 INF pkg/clickhouse/clickhouse.go:1486 > SELECT name FROM system.databases WHERE engine IN ('DataLakeCatalog','MySQL','PostgreSQL','MaterializedPostgreSQL')
2026-10-01 19:39:50.459 INF pkg/clickhouse/clickhouse.go:1486 >    SELECT     countIf(name='data_path') is_data_path_present,     countIf(name='data_paths') is_data_paths_present,     countIf(name='uuid') is_uuid_present,     countIf(name='create_table_query') is_create_table_query_present,     countIf(name='total_bytes') is_total_bytes_present    FROM system.columns WHERE database='system' AND table='tables'  
2026-10-01 19:39:50.460 INF pkg/clickhouse/clickhouse.go:1486 > SELECT database, name, engine , data_paths , uuid , create_table_query , coalesce(total_bytes, 0) AS total_bytes   FROM system.tables WHERE is_temporary = 0 AND match(concat(database,'.',name),'^exchange_analytics\..*$')  ORDER BY total_bytes DESC SETTINGS show_table_uuid_in_table_create_query_if_not_nil=1, format_display_secrets_in_show_and_select=1
2026-10-01 19:39:50.474 INF pkg/clickhouse/clickhouse.go:1486 > SELECT data_path AS metadata_path FROM system.databases WHERE name = 'system' LIMIT 1
2026-10-01 19:39:50.475 INF pkg/clickhouse/clickhouse.go:1486 > SELECT sum(bytes_on_disk) as size FROM system.parts WHERE active AND database='exchange_analytics' AND table='account_pnl' GROUP BY database, table
2026-10-01 19:39:50.476 INF pkg/clickhouse/clickhouse.go:1486 > SELECT sum(bytes_on_disk) as size FROM system.parts WHERE active AND database='exchange_analytics' AND table='block_trades_tape' GROUP BY database, table
2026-10-01 19:39:50.477 INF pkg/clickhouse/clickhouse.go:1486 > SELECT sum(bytes_on_disk) as size FROM system.parts WHERE active AND database='exchange_analytics' AND table='greeks_snapshots' GROUP BY database, table
2026-10-01 19:39:50.478 INF pkg/clickhouse/clickhouse.go:1486 > SELECT sum(bytes_on_disk) as size FROM system.parts WHERE active AND database='exchange_analytics' AND table='income_ledger' GROUP BY database, table
2026-10-01 19:39:50.479 INF pkg/clickhouse/clickhouse.go:1486 > SELECT sum(bytes_on_disk) as size FROM system.parts WHERE active AND database='exchange_analytics' AND table='ohlcv_15m' GROUP BY database, table
2026-10-01 19:39:50.480 INF pkg/clickhouse/clickhouse.go:1486 > SELECT sum(bytes_on_disk) as size FROM system.parts WHERE active AND database='exchange_analytics' AND table='ohlcv_1d' GROUP BY database, table
2026-10-01 19:39:50.481 INF pkg/clickhouse/clickhouse.go:1486 > SELECT sum(bytes_on_disk) as size FROM system.parts WHERE active AND database='exchange_analytics' AND table='ohlcv_1h' GROUP BY database, table
2026-10-01 19:39:50.482 INF pkg/clickhouse/clickhouse.go:1486 > SELECT sum(bytes_on_disk) as size FROM system.parts WHERE active AND database='exchange_analytics' AND table='ohlcv_1m' GROUP BY database, table
2026-10-01 19:39:50.483 INF pkg/clickhouse/clickhouse.go:1486 > SELECT sum(bytes_on_disk) as size FROM system.parts WHERE active AND database='exchange_analytics' AND table='ohlcv_1mo' GROUP BY database, table
2026-10-01 19:39:50.484 INF pkg/clickhouse/clickhouse.go:1486 > SELECT sum(bytes_on_disk) as size FROM system.parts WHERE active AND database='exchange_analytics' AND table='ohlcv_1w' GROUP BY database, table
2026-10-01 19:39:50.485 INF pkg/clickhouse/clickhouse.go:1486 > SELECT sum(bytes_on_disk) as size FROM system.parts WHERE active AND database='exchange_analytics' AND table='ohlcv_2h' GROUP BY database, table
2026-10-01 19:39:50.486 INF pkg/clickhouse/clickhouse.go:1486 > SELECT sum(bytes_on_disk) as size FROM system.parts WHERE active AND database='exchange_analytics' AND table='ohlcv_30m' GROUP BY database, table
2026-10-01 19:39:50.487 INF pkg/clickhouse/clickhouse.go:1486 > SELECT sum(bytes_on_disk) as size FROM system.parts WHERE active AND database='exchange_analytics' AND table='ohlcv_4h' GROUP BY database, table
2026-10-01 19:39:50.488 INF pkg/clickhouse/clickhouse.go:1486 > SELECT sum(bytes_on_disk) as size FROM system.parts WHERE active AND database='exchange_analytics' AND table='ohlcv_5m' GROUP BY database, table
2026-10-01 19:39:50.489 INF pkg/clickhouse/clickhouse.go:1486 > SELECT sum(bytes_on_disk) as size FROM system.parts WHERE active AND database='exchange_analytics' AND table='ohlcv_6h' GROUP BY database, table
2026-10-01 19:39:50.490 INF pkg/clickhouse/clickhouse.go:1486 > SELECT sum(bytes_on_disk) as size FROM system.parts WHERE active AND database='exchange_analytics' AND table='ohlcv_8h' GROUP BY database, table
2026-10-01 19:39:50.491 INF pkg/clickhouse/clickhouse.go:1486 > SELECT sum(bytes_on_disk) as size FROM system.parts WHERE active AND database='exchange_analytics' AND table='tca_results' GROUP BY database, table
2026-10-01 19:39:50.492 INF pkg/clickhouse/clickhouse.go:1486 > SELECT sum(bytes_on_disk) as size FROM system.parts WHERE active AND database='exchange_analytics' AND table='trades' GROUP BY database, table
2026-10-01 19:39:50.493 INF pkg/clickhouse/clickhouse.go:1486 > SELECT count() as cnt FROM system.columns WHERE database='system' AND table='functions' AND name='create_query' SETTINGS empty_result_for_aggregation_by_empty_set=0
2026-10-01 19:39:50.494 INF pkg/clickhouse/clickhouse.go:1486 > SELECT name, create_query FROM system.functions WHERE create_query!=''
2026-10-01 19:39:50.497 INF pkg/clickhouse/clickhouse.go:1486 > SELECT countIf(name='type') AS is_disk_type_present, countIf(name='object_storage_type') AS is_object_storage_type_present, countIf(name='metadata_type') AS is_metadata_type_present, countIf(name='free_space') AS is_free_space_present, countIf(name='disks') AS is_storage_policy_present, countIf(name='cache_path') AS is_cache_path_present FROM system.columns WHERE database='system' AND table IN ('disks','storage_policies') 
2026-10-01 19:39:50.498 INF pkg/clickhouse/clickhouse.go:1486 > SELECT d.path AS path, argMin(d.name, d.cache_path != '') AS name, any(lower(if(d.type='ObjectStorage',d.object_storage_type,d.type))) AS type, any(lower(d.metadata_type)) AS metadata_type, min(d.free_space) AS free_space, min(d.total_space) AS total_space, groupUniqArray(s.policy_name) AS storage_policies FROM system.disks AS d  LEFT JOIN (SELECT policy_name, arrayJoin(disks) AS disk FROM system.storage_policies) AS s ON s.disk = d.name GROUP BY d.path, if(d.path='', d.name, '')
2026-10-01 19:39:50.500 INF pkg/clickhouse/clickhouse.go:1486 > SELECT name FROM system.user_directories WHERE type='replicated'
2026-10-01 19:39:50.500 INF pkg/clickhouse/clickhouse.go:1486 > SELECT JSONExtractString(params,'path') AS access_path FROM system.user_directories WHERE type in ('local_directory','local directory')
2026-10-01 19:39:50.933 INF pkg/backup/create.go:256 > done createBackupRBAC, size=0B
2026-10-01 19:39:50.933 WRN pkg/backup/create.go:403 > 'drill-2026-Q4' medatata.json already exists, will overwrite and resume object disk data upload
2026-10-01 19:39:50.933 INF pkg/clickhouse/clickhouse.go:1486 > SELECT database, table, column, min(type) AS min_type, max(type) AS max_type FROM system.parts_columns WHERE active AND ((database='exchange_analytics' AND table='ticks') OR (database='exchange_analytics' AND table='volume_stats') OR (database='exchange_analytics' AND table='account_pnl') OR (database='exchange_analytics' AND table='block_trades_tape') OR (database='exchange_analytics' AND table='greeks_snapshots') OR (database='exchange_analytics' AND table='income_ledger') OR (database='exchange_analytics' AND table='ohlcv_15m') OR (database='exchange_analytics' AND table='ohlcv_1d') OR (database='exchange_analytics' AND table='ohlcv_1h') OR (database='exchange_analytics' AND table='ohlcv_1m') OR (database='exchange_analytics' AND table='ohlcv_1mo') OR (database='exchange_analytics' AND table='ohlcv_1w') OR (database='exchange_analytics' AND table='ohlcv_2h') OR (database='exchange_analytics' AND table='ohlcv_30m') OR (database='exchange_analytics' AND table='ohlcv_4h') OR (database='exchange_analytics' AND table='ohlcv_5m') OR (database='exchange_analytics' AND table='ohlcv_6h') OR (database='exchange_analytics' AND table='ohlcv_8h') OR (database='exchange_analytics' AND table='tca_results') OR (database='exchange_analytics' AND table='trades')) AND type NOT LIKE 'Enum%(%' AND type NOT LIKE 'Tuple(%' AND type NOT LIKE 'Nullable(Enum%(%' AND type NOT LIKE 'Nullable(Tuple(%' AND type NOT LIKE 'Array(Tuple(%' AND type NOT LIKE 'Nullable(Array(Tuple(%' GROUP BY database, table, column HAVING min_type != max_type SETTINGS max_bytes_before_external_group_by=100000000, max_memory_usage=200000000
2026-10-01 19:39:50.938 INF pkg/clickhouse/clickhouse.go:1486 > SELECT database, table, mutation_id, command FROM system.mutations WHERE is_done=0
2026-10-01 19:39:51.178 INF pkg/clickhouse/clickhouse.go:1486 > ALTER TABLE `exchange_analytics`.`ohlcv_2h` FREEZE WITH NAME '7e14a207b02c44e0bcd522d997a61fa5';
2026-10-01 19:39:51.178 WRN pkg/backup/create.go:1105 > supports only schema backup, backup=drill-2026-Q4, operation=create, table=exchange_analytics.ohlcv, engine=View
2026-10-01 19:39:51.179 INF pkg/backup/create.go:369 > done, table=exchange_analytics.ohlcv, progress=7/22
2026-10-01 19:39:51.179 INF pkg/clickhouse/clickhouse.go:1486 > ALTER TABLE `exchange_analytics`.`ticks` FREEZE WITH NAME '09f3be1c76f84ef1ac4d657381c4251f';
2026-10-01 19:39:51.179 INF pkg/clickhouse/clickhouse.go:1486 > ALTER TABLE `exchange_analytics`.`volume_stats` FREEZE WITH NAME '7d5ce3085fd74f02b36f11469f99f2a9';
2026-10-01 19:39:51.179 INF pkg/clickhouse/clickhouse.go:1486 > ALTER TABLE `exchange_analytics`.`ohlcv_2h` UNFREEZE WITH NAME '7e14a207b02c44e0bcd522d997a61fa5'
2026-10-01 19:39:51.179 INF pkg/clickhouse/clickhouse.go:1486 > ALTER TABLE `exchange_analytics`.`account_pnl` FREEZE WITH NAME '1db646787c384f24ac85cb5de93265ac';
2026-10-01 19:39:51.180 INF pkg/clickhouse/clickhouse.go:1486 > ALTER TABLE `exchange_analytics`.`ohlcv_1h` FREEZE WITH NAME '37f14f1b863040488b231e7a26af8369';
2026-10-01 19:39:51.182 INF pkg/clickhouse/clickhouse.go:1486 > ALTER TABLE `exchange_analytics`.`block_trades_tape` FREEZE WITH NAME '6ed946eb28a645e7893ca972b9a357de';
2026-10-01 19:39:51.182 WRN pkg/backup/create.go:1187 > /var/lib/clickhouse/backup/drill-2026-Q4/shadow/exchange_analytics/volume_stats/default will clean to properly handle resume parameter
2026-10-01 19:39:51.185 INF pkg/clickhouse/clickhouse.go:1486 > ALTER TABLE `exchange_analytics`.`ohlcv_1d` FREEZE WITH NAME '0b8f4375bb544b6592b28e142b508a71';
2026-10-01 19:39:51.185 INF pkg/clickhouse/clickhouse.go:1486 > ALTER TABLE `exchange_analytics`.`account_pnl` UNFREEZE WITH NAME '1db646787c384f24ac85cb5de93265ac'
2026-10-01 19:39:51.185 INF pkg/clickhouse/clickhouse.go:1484 > SELECT name, lower(hash_of_all_files) AS hash_of_all_files FROM system.parts WHERE database=? AND `table`=? with args []interface {}{"exchange_analytics", "volume_stats"}
2026-10-01 19:39:51.185 WRN pkg/backup/create.go:1187 > /var/lib/clickhouse/backup/drill-2026-Q4/shadow/exchange_analytics/ticks/default will clean to properly handle resume parameter
2026-10-01 19:39:51.186 INF pkg/clickhouse/clickhouse.go:1486 > ALTER TABLE `exchange_analytics`.`ohlcv_1h` UNFREEZE WITH NAME '37f14f1b863040488b231e7a26af8369'
2026-10-01 19:39:51.186 INF pkg/clickhouse/clickhouse.go:1484 > SELECT name, lower(hash_of_all_files) AS hash_of_all_files FROM system.parts WHERE database=? AND `table`=? with args []interface {}{"exchange_analytics", "ticks"}
2026-10-01 19:39:51.186 INF pkg/clickhouse/clickhouse.go:1486 > ALTER TABLE `exchange_analytics`.`greeks_snapshots` FREEZE WITH NAME '0c16f53cf01b49d6a592c59ab60f8a91';
2026-10-01 19:39:51.186 INF pkg/clickhouse/clickhouse.go:1486 > ALTER TABLE `exchange_analytics`.`block_trades_tape` UNFREEZE WITH NAME '6ed946eb28a645e7893ca972b9a357de'
2026-10-01 19:39:51.187 INF pkg/clickhouse/clickhouse.go:1486 > ALTER TABLE `exchange_analytics`.`ohlcv_1w` FREEZE WITH NAME 'f922883bfcc74c1688477931de14facc';
2026-10-01 19:39:51.187 INF pkg/clickhouse/clickhouse.go:1486 > ALTER TABLE `exchange_analytics`.`ohlcv_1d` UNFREEZE WITH NAME '0b8f4375bb544b6592b28e142b508a71'
2026-10-01 19:39:51.187 INF pkg/clickhouse/clickhouse.go:1486 > ALTER TABLE `exchange_analytics`.`ohlcv_1mo` FREEZE WITH NAME 'a665b4918bb24c4f8f023bbcad790d3e';
2026-10-01 19:39:51.187 INF pkg/clickhouse/clickhouse.go:1486 > ALTER TABLE `exchange_analytics`.`greeks_snapshots` UNFREEZE WITH NAME '0c16f53cf01b49d6a592c59ab60f8a91'
2026-10-01 19:39:51.187 INF pkg/clickhouse/clickhouse.go:1486 > ALTER TABLE `exchange_analytics`.`ohlcv_15m` FREEZE WITH NAME 'dfe7be8a05c64b86b1a42d8b3040825d';
2026-10-01 19:39:51.187 INF pkg/clickhouse/clickhouse.go:1486 > ALTER TABLE `exchange_analytics`.`ohlcv_1w` UNFREEZE WITH NAME 'f922883bfcc74c1688477931de14facc'
2026-10-01 19:39:51.188 INF pkg/clickhouse/clickhouse.go:1486 > ALTER TABLE `exchange_analytics`.`income_ledger` FREEZE WITH NAME 'af24a29862f049f79615d1b4eb75310f';
2026-10-01 19:39:51.188 INF pkg/clickhouse/clickhouse.go:1486 > ALTER TABLE `exchange_analytics`.`ohlcv_1mo` UNFREEZE WITH NAME 'a665b4918bb24c4f8f023bbcad790d3e'
2026-10-01 19:39:51.188 INF pkg/clickhouse/clickhouse.go:1486 > ALTER TABLE `exchange_analytics`.`ohlcv_1m` FREEZE WITH NAME '72e807d953c649b0908da2fe229451be';
2026-10-01 19:39:51.188 INF pkg/clickhouse/clickhouse.go:1486 > ALTER TABLE `exchange_analytics`.`ohlcv_15m` UNFREEZE WITH NAME 'dfe7be8a05c64b86b1a42d8b3040825d'
2026-10-01 19:39:51.188 INF pkg/clickhouse/clickhouse.go:1486 > ALTER TABLE `exchange_analytics`.`ohlcv_30m` FREEZE WITH NAME '4ca8b3dfabce489f85baf6e950022cbb';
2026-10-01 19:39:51.188 INF pkg/clickhouse/clickhouse.go:1486 > ALTER TABLE `exchange_analytics`.`income_ledger` UNFREEZE WITH NAME 'af24a29862f049f79615d1b4eb75310f'
2026-10-01 19:39:51.189 INF pkg/clickhouse/clickhouse.go:1486 > ALTER TABLE `exchange_analytics`.`ohlcv_1m` UNFREEZE WITH NAME '72e807d953c649b0908da2fe229451be'
2026-10-01 19:39:51.189 INF pkg/backup/create.go:369 > done, table=exchange_analytics.ohlcv_2h, progress=14/22
2026-10-01 19:39:51.189 INF pkg/backup/create.go:369 > done, table=exchange_analytics.account_pnl, progress=3/22
2026-10-01 19:39:51.189 INF pkg/clickhouse/clickhouse.go:1486 > ALTER TABLE `exchange_analytics`.`ohlcv_30m` UNFREEZE WITH NAME '4ca8b3dfabce489f85baf6e950022cbb'
2026-10-01 19:39:51.189 INF pkg/backup/create.go:369 > done, table=exchange_analytics.ohlcv_1h, progress=10/22
2026-10-01 19:39:51.189 INF pkg/backup/create.go:369 > done, table=exchange_analytics.block_trades_tape, progress=4/22
2026-10-01 19:39:51.190 INF pkg/backup/create.go:369 > done, table=exchange_analytics.ohlcv_1d, progress=9/22
2026-10-01 19:39:51.190 INF pkg/backup/create.go:369 > done, table=exchange_analytics.greeks_snapshots, progress=5/22
2026-10-01 19:39:51.190 INF pkg/backup/create.go:369 > done, table=exchange_analytics.ohlcv_1w, progress=13/22
2026-10-01 19:39:51.191 INF pkg/backup/create.go:369 > done, table=exchange_analytics.ohlcv_1mo, progress=12/22
2026-10-01 19:39:51.191 INF pkg/backup/create.go:369 > done, table=exchange_analytics.ohlcv_15m, progress=8/22
2026-10-01 19:39:51.191 INF pkg/backup/create.go:369 > done, table=exchange_analytics.income_ledger, progress=6/22
2026-10-01 19:39:51.192 INF pkg/clickhouse/clickhouse.go:1486 > ALTER TABLE `exchange_analytics`.`ohlcv_4h` FREEZE WITH NAME 'e7f7fe07af4145bf94659fdd64478767';
2026-10-01 19:39:51.192 INF pkg/clickhouse/clickhouse.go:1486 > ALTER TABLE `exchange_analytics`.`ohlcv_5m` FREEZE WITH NAME '295d8a6f341c4606b2fb195888679ebe';
2026-10-01 19:39:51.192 INF pkg/backup/create.go:369 > done, table=exchange_analytics.ohlcv_1m, progress=11/22
2026-10-01 19:39:51.193 INF pkg/clickhouse/clickhouse.go:1486 > ALTER TABLE `exchange_analytics`.`ohlcv_4h` UNFREEZE WITH NAME 'e7f7fe07af4145bf94659fdd64478767'
2026-10-01 19:39:51.194 INF pkg/clickhouse/clickhouse.go:1486 > ALTER TABLE `exchange_analytics`.`ohlcv_6h` FREEZE WITH NAME '093a9f0f0592413db6bf4b642a55b405';
2026-10-01 19:39:51.194 INF pkg/clickhouse/clickhouse.go:1486 > ALTER TABLE `exchange_analytics`.`ohlcv_5m` UNFREEZE WITH NAME '295d8a6f341c4606b2fb195888679ebe'
2026-10-01 19:39:51.195 INF pkg/backup/create.go:369 > done, table=exchange_analytics.ohlcv_30m, progress=15/22
2026-10-01 19:39:51.195 INF pkg/clickhouse/clickhouse.go:1486 > ALTER TABLE `exchange_analytics`.`ticks` UNFREEZE WITH NAME '09f3be1c76f84ef1ac4d657381c4251f'
2026-10-01 19:39:51.195 INF pkg/clickhouse/clickhouse.go:1486 > ALTER TABLE `exchange_analytics`.`ohlcv_6h` UNFREEZE WITH NAME '093a9f0f0592413db6bf4b642a55b405'
2026-10-01 19:39:51.195 INF pkg/clickhouse/clickhouse.go:1486 > ALTER TABLE `exchange_analytics`.`volume_stats` UNFREEZE WITH NAME '7d5ce3085fd74f02b36f11469f99f2a9'
2026-10-01 19:39:51.196 INF pkg/backup/create.go:369 > done, table=exchange_analytics.ticks, progress=1/22
2026-10-01 19:39:51.196 INF pkg/clickhouse/clickhouse.go:1486 > ALTER TABLE `exchange_analytics`.`ohlcv_8h` FREEZE WITH NAME 'fcdc8779e69447c9972bdbb21954da2d';
2026-10-01 19:39:51.196 INF pkg/backup/create.go:369 > done, table=exchange_analytics.volume_stats, progress=2/22
2026-10-01 19:39:51.197 INF pkg/clickhouse/clickhouse.go:1486 > ALTER TABLE `exchange_analytics`.`tca_results` FREEZE WITH NAME 'f74df552a29b40ef9202b143b4e38983';
2026-10-01 19:39:51.198 INF pkg/clickhouse/clickhouse.go:1486 > ALTER TABLE `exchange_analytics`.`ohlcv_8h` UNFREEZE WITH NAME 'fcdc8779e69447c9972bdbb21954da2d'
2026-10-01 19:39:51.200 INF pkg/clickhouse/clickhouse.go:1486 > ALTER TABLE `exchange_analytics`.`trades` FREEZE WITH NAME '0d717374088f4493bc530f22fdd1bbed';
2026-10-01 19:39:51.200 INF pkg/clickhouse/clickhouse.go:1486 > ALTER TABLE `exchange_analytics`.`tca_results` UNFREEZE WITH NAME 'f74df552a29b40ef9202b143b4e38983'
2026-10-01 19:39:51.201 INF pkg/backup/create.go:369 > done, table=exchange_analytics.ohlcv_4h, progress=16/22
2026-10-01 19:39:51.201 INF pkg/clickhouse/clickhouse.go:1486 > ALTER TABLE `exchange_analytics`.`trades` UNFREEZE WITH NAME '0d717374088f4493bc530f22fdd1bbed'
2026-10-01 19:39:51.201 INF pkg/backup/create.go:369 > done, table=exchange_analytics.ohlcv_5m, progress=17/22
2026-10-01 19:39:51.202 INF pkg/backup/create.go:369 > done, table=exchange_analytics.ohlcv_6h, progress=18/22
2026-10-01 19:39:51.202 INF pkg/backup/create.go:369 > done, table=exchange_analytics.ohlcv_8h, progress=19/22
2026-10-01 19:39:51.202 INF pkg/backup/create.go:369 > done, table=exchange_analytics.volume_stats_hourly_mv, progress=22/22
2026-10-01 19:39:51.202 INF pkg/backup/create.go:369 > done, table=exchange_analytics.tca_results, progress=20/22
2026-10-01 19:39:51.203 INF pkg/backup/create.go:369 > done, table=exchange_analytics.trades, progress=21/22
2026-10-01 19:39:51.203 INF pkg/clickhouse/clickhouse.go:1486 > SELECT value FROM `system`.`build_options` WHERE name='VERSION_DESCRIBE'
2026-10-01 19:39:51.204 INF pkg/backup/create.go:385 > done, version=2.8.1, operation=createBackupLocal, duration=758ms
2026-10-01 19:39:51.204 INF pkg/clickhouse/clickhouse.go:1486 > SELECT count() AS cnt FROM system.processes WHERE query LIKE 'ALTER TABLE%FREEZE%' AND query LIKE '%09f3be1c76f84ef1ac4d657381c4251f%' SETTINGS empty_result_for_aggregation_by_empty_set=0
2026-10-01 19:39:51.206 INF pkg/clickhouse/clickhouse.go:1486 > SYSTEM UNFREEZE WITH NAME '09f3be1c76f84ef1ac4d657381c4251f'
2026-10-01 19:39:51.206 WRN pkg/backup/freezes.go:257 > SYSTEM UNFREEZE WITH NAME '09f3be1c76f84ef1ac4d657381c4251f' failed, remove shadow directories directly: code: 344, message: Support for SYSTEM UNFREEZE query is disabled. You can enable it via 'enable_system_unfreeze' server setting, shadow=09f3be1c76f84ef1ac4d657381c4251f, database=exchange_analytics, table=ticks
2026-10-01 19:39:51.407 INF pkg/backup/freezes.go:270 > cleaned shadow /var/lib/clickhouse/shadow/09f3be1c76f84ef1ac4d657381c4251f, shadow=09f3be1c76f84ef1ac4d657381c4251f, database=exchange_analytics, table=ticks
2026-10-01 19:39:51.407 INF pkg/clickhouse/clickhouse.go:1486 > SELECT count() AS cnt FROM system.processes WHERE query LIKE 'ALTER TABLE%FREEZE%' AND query LIKE '%7d5ce3085fd74f02b36f11469f99f2a9%' SETTINGS empty_result_for_aggregation_by_empty_set=0
2026-10-01 19:39:51.410 INF pkg/clickhouse/clickhouse.go:1486 > SYSTEM UNFREEZE WITH NAME '7d5ce3085fd74f02b36f11469f99f2a9'
2026-10-01 19:39:51.410 WRN pkg/backup/freezes.go:257 > SYSTEM UNFREEZE WITH NAME '7d5ce3085fd74f02b36f11469f99f2a9' failed, remove shadow directories directly: code: 344, message: Support for SYSTEM UNFREEZE query is disabled. You can enable it via 'enable_system_unfreeze' server setting, shadow=7d5ce3085fd74f02b36f11469f99f2a9, database=exchange_analytics, table=volume_stats
2026-10-01 19:39:51.611 INF pkg/backup/freezes.go:270 > cleaned shadow /var/lib/clickhouse/shadow/7d5ce3085fd74f02b36f11469f99f2a9, shadow=7d5ce3085fd74f02b36f11469f99f2a9, database=exchange_analytics, table=volume_stats
2026-10-01 19:39:51.611 INF pkg/clickhouse/clickhouse.go:526 > clickhouse connection closed
2026-10-01 19:39:51.611 INF pkg/clickhouse/clickhouse.go:171 > clickhouse connection success: tcp://127.0.0.1:9000
2026-10-01 19:39:51.611 INF pkg/clickhouse/clickhouse.go:1486 > SELECT countIf(name='type') AS is_disk_type_present, countIf(name='object_storage_type') AS is_object_storage_type_present, countIf(name='metadata_type') AS is_metadata_type_present, countIf(name='free_space') AS is_free_space_present, countIf(name='disks') AS is_storage_policy_present, countIf(name='cache_path') AS is_cache_path_present FROM system.columns WHERE database='system' AND table IN ('disks','storage_policies') 
2026-10-01 19:39:51.614 INF pkg/clickhouse/clickhouse.go:1486 > SELECT d.path AS path, argMin(d.name, d.cache_path != '') AS name, any(lower(if(d.type='ObjectStorage',d.object_storage_type,d.type))) AS type, any(lower(d.metadata_type)) AS metadata_type, min(d.free_space) AS free_space, min(d.total_space) AS total_space, groupUniqArray(s.policy_name) AS storage_policies FROM system.disks AS d  LEFT JOIN (SELECT policy_name, arrayJoin(disks) AS disk FROM system.storage_policies) AS s ON s.disk = d.name GROUP BY d.path, if(d.path='', d.name, '')
2026-10-01 19:39:51.617 INF pkg/clickhouse/clickhouse.go:1486 > SELECT max(toInt64(bytes_on_disk * 1.02)) AS max_file_size FROM system.parts WHERE active SETTINGS empty_result_for_aggregation_by_empty_set=0
2026-10-01 19:39:51.619 INF pkg/storage/general.go:311 > , list_duration=0.399713
2026-10-01 19:39:51.620 WRN pkg/backup/upload.go:280 > 'drill-2026-Q4' doesn't exist on remote storage, /var/lib/clickhouse/backup/drill-2026-Q4/upload.state2 is stale and will be removed, upload will start from scratch
2026-10-01 19:39:51.632 INF pkg/backup/upload.go:321 > upload table start, progress=1/22, table=exchange_analytics.ohlcv_1w, version=2.8.1
2026-10-01 19:39:51.632 INF pkg/backup/upload.go:321 > upload table start, progress=3/22, table=exchange_analytics.greeks_snapshots, version=2.8.1
2026-10-01 19:39:51.632 INF pkg/backup/upload.go:321 > upload table start, progress=4/22, table=exchange_analytics.income_ledger, version=2.8.1
2026-10-01 19:39:51.632 INF pkg/backup/upload.go:321 > upload table start, progress=2/22, table=exchange_analytics.ohlcv_2h, version=2.8.1
2026-10-01 19:39:51.633 INF pkg/backup/upload.go:349 > upload table finish, data_size=0B, duration=1ms, metadata_size=763B, progress=1/22, table=exchange_analytics.ohlcv_1w, version=2.8.1
2026-10-01 19:39:51.633 INF pkg/backup/upload.go:321 > upload table start, progress=5/22, table=exchange_analytics.volume_stats, version=2.8.1
2026-10-01 19:39:51.634 INF pkg/backup/upload.go:349 > upload table finish, data_size=0B, duration=1ms, metadata_size=731B, progress=3/22, table=exchange_analytics.greeks_snapshots, version=2.8.1
2026-10-01 19:39:51.634 INF pkg/backup/upload.go:321 > upload table start, progress=6/22, table=exchange_analytics.ohlcv_15m, version=2.8.1
2026-10-01 19:39:51.634 INF pkg/backup/upload.go:349 > upload table finish, data_size=0B, duration=2ms, metadata_size=712B, progress=4/22, table=exchange_analytics.income_ledger, version=2.8.1
2026-10-01 19:39:51.634 INF pkg/backup/upload.go:321 > upload table start, progress=7/22, table=exchange_analytics.ohlcv_1d, version=2.8.1
2026-10-01 19:39:51.637 INF pkg/backup/upload.go:349 > upload table finish, data_size=0B, duration=4ms, metadata_size=763B, progress=2/22, table=exchange_analytics.ohlcv_2h, version=2.8.1
2026-10-01 19:39:51.637 INF pkg/backup/upload.go:321 > upload table start, progress=8/22, table=exchange_analytics.ohlcv_1h, version=2.8.1
2026-10-01 19:39:51.638 INF pkg/backup/upload.go:349 > upload table finish, data_size=0B, duration=3ms, metadata_size=763B, progress=7/22, table=exchange_analytics.ohlcv_1d, version=2.8.1
2026-10-01 19:39:51.638 INF pkg/backup/upload.go:321 > upload table start, progress=9/22, table=exchange_analytics.ohlcv_1m, version=2.8.1
2026-10-01 19:39:51.638 INF pkg/backup/upload.go:349 > upload table finish, data_size=0B, duration=4ms, metadata_size=765B, progress=6/22, table=exchange_analytics.ohlcv_15m, version=2.8.1
2026-10-01 19:39:51.638 INF pkg/backup/upload.go:321 > upload table start, progress=10/22, table=exchange_analytics.ohlcv_30m, version=2.8.1
2026-10-01 19:39:51.638 INF pkg/backup/upload.go:349 > upload table finish, data_size=0B, duration=1ms, metadata_size=763B, progress=9/22, table=exchange_analytics.ohlcv_1m, version=2.8.1
2026-10-01 19:39:51.638 INF pkg/backup/upload.go:321 > upload table start, progress=11/22, table=exchange_analytics.block_trades_tape, version=2.8.1
2026-10-01 19:39:51.639 INF pkg/backup/upload.go:349 > upload table finish, data_size=0B, duration=2ms, metadata_size=763B, progress=8/22, table=exchange_analytics.ohlcv_1h, version=2.8.1
2026-10-01 19:39:51.639 INF pkg/backup/upload.go:321 > upload table start, progress=12/22, table=exchange_analytics.account_pnl, version=2.8.1
2026-10-01 19:39:51.639 INF pkg/backup/upload.go:349 > upload table finish, data_size=0B, duration=1ms, metadata_size=765B, progress=10/22, table=exchange_analytics.ohlcv_30m, version=2.8.1
2026-10-01 19:39:51.639 INF pkg/backup/upload.go:321 > upload table start, progress=13/22, table=exchange_analytics.ohlcv_1mo, version=2.8.1
2026-10-01 19:39:51.640 INF pkg/backup/upload.go:349 > upload table finish, data_size=0B, duration=1ms, metadata_size=875B, progress=11/22, table=exchange_analytics.block_trades_tape, version=2.8.1
2026-10-01 19:39:51.640 INF pkg/backup/upload.go:321 > upload table start, progress=14/22, table=exchange_analytics.ohlcv_4h, version=2.8.1
2026-10-01 19:39:51.640 INF pkg/backup/upload.go:349 > upload table finish, data_size=0B, duration=1ms, metadata_size=609B, progress=12/22, table=exchange_analytics.account_pnl, version=2.8.1
2026-10-01 19:39:51.640 INF pkg/backup/upload.go:321 > upload table start, progress=15/22, table=exchange_analytics.ohlcv_5m, version=2.8.1
2026-10-01 19:39:51.641 INF pkg/backup/upload.go:349 > upload table finish, data_size=0B, duration=2ms, metadata_size=765B, progress=13/22, table=exchange_analytics.ohlcv_1mo, version=2.8.1
2026-10-01 19:39:51.641 INF pkg/backup/upload.go:321 > upload table start, progress=16/22, table=exchange_analytics.ohlcv_6h, version=2.8.1
2026-10-01 19:39:51.641 INF pkg/backup/upload.go:349 > upload table finish, data_size=0B, duration=2ms, metadata_size=763B, progress=14/22, table=exchange_analytics.ohlcv_4h, version=2.8.1
2026-10-01 19:39:51.641 INF pkg/backup/upload.go:321 > upload table start, progress=17/22, table=exchange_analytics.ohlcv_8h, version=2.8.1
2026-10-01 19:39:51.642 INF pkg/backup/upload.go:349 > upload table finish, data_size=0B, duration=2ms, metadata_size=763B, progress=15/22, table=exchange_analytics.ohlcv_5m, version=2.8.1
2026-10-01 19:39:51.642 INF pkg/backup/upload.go:321 > upload table start, progress=18/22, table=exchange_analytics.tca_results, version=2.8.1
2026-10-01 19:39:51.642 INF pkg/backup/upload.go:349 > upload table finish, data_size=0B, duration=1ms, metadata_size=763B, progress=16/22, table=exchange_analytics.ohlcv_6h, version=2.8.1
2026-10-01 19:39:51.642 INF pkg/backup/upload.go:321 > upload table start, progress=19/22, table=exchange_analytics.ticks, version=2.8.1
2026-10-01 19:39:51.642 INF pkg/backup/upload.go:349 > upload table finish, data_size=1.64KiB, duration=9ms, metadata_size=946B, progress=5/22, table=exchange_analytics.volume_stats, version=2.8.1
2026-10-01 19:39:51.642 INF pkg/backup/upload.go:321 > upload table start, progress=20/22, table=exchange_analytics.trades, version=2.8.1
2026-10-01 19:39:51.645 INF pkg/backup/upload.go:349 > upload table finish, data_size=0B, duration=4ms, metadata_size=763B, progress=17/22, table=exchange_analytics.ohlcv_8h, version=2.8.1
2026-10-01 19:39:51.645 INF pkg/backup/upload.go:321 > upload table start, progress=21/22, table=exchange_analytics.ohlcv, version=2.8.1
2026-10-01 19:39:51.645 INF pkg/backup/upload.go:349 > upload table finish, data_size=0B, duration=4ms, metadata_size=972B, progress=18/22, table=exchange_analytics.tca_results, version=2.8.1
2026-10-01 19:39:51.645 INF pkg/backup/upload.go:321 > upload table start, progress=22/22, table=exchange_analytics.volume_stats_hourly_mv, version=2.8.1
2026-10-01 19:39:51.646 INF pkg/backup/upload.go:349 > upload table finish, data_size=0B, duration=3ms, metadata_size=755B, progress=20/22, table=exchange_analytics.trades, version=2.8.1
2026-10-01 19:39:51.646 INF pkg/backup/upload.go:349 > upload table finish, data_size=0B, duration=1ms, metadata_size=1.30KiB, progress=21/22, table=exchange_analytics.ohlcv, version=2.8.1
2026-10-01 19:39:51.646 INF pkg/backup/upload.go:349 > upload table finish, data_size=0B, duration=1ms, metadata_size=853B, progress=22/22, table=exchange_analytics.volume_stats_hourly_mv, version=2.8.1
2026-10-01 19:39:51.647 INF pkg/backup/upload.go:349 > upload table finish, data_size=1.64KiB, duration=5ms, metadata_size=895B, progress=19/22, table=exchange_analytics.ticks, version=2.8.1
2026-10-01 19:39:51.648 INF pkg/backup/upload.go:430 > uploaded backup manifest, total_files=25
2026-10-01 19:39:51.648 INF pkg/backup/upload.go:440 > done, backup=drill-2026-Q4, duration=37ms, object_disk_size=0B, operation=upload, upload_size=22.76KiB, version=2.8.1
2026-10-01 19:39:51.649 INF pkg/storage/general.go:311 > , list_duration=0.705708
2026-10-01 19:39:51.649 INF pkg/backup/upload.go:477 > calculate backup list for delete remote, duration=1ms, operation=RemoveOldBackupsRemote
2026-10-01 19:39:51.649 INF pkg/backup/upload.go:495 > done, duration=1ms, operation=RemoveOldBackupsRemote
2026-10-01 19:39:51.649 INF pkg/clickhouse/clickhouse.go:526 > clickhouse connection closed
>> restore_remote drill-2026-Q4 -m exchange_analytics:ch_drill_scratch
2026-10-01 19:39:51.704 INF pkg/clickhouse/clickhouse.go:171 > clickhouse connection success: tcp://127.0.0.1:9000
2026-10-01 19:39:51.704 INF pkg/clickhouse/clickhouse.go:1486 > SELECT value FROM `system`.`build_options` where name='VERSION_INTEGER'
2026-10-01 19:39:51.705 INF pkg/clickhouse/clickhouse.go:1486 > SELECT countIf(name='type') AS is_disk_type_present, countIf(name='object_storage_type') AS is_object_storage_type_present, countIf(name='metadata_type') AS is_metadata_type_present, countIf(name='free_space') AS is_free_space_present, countIf(name='disks') AS is_storage_policy_present, countIf(name='cache_path') AS is_cache_path_present FROM system.columns WHERE database='system' AND table IN ('disks','storage_policies') 
2026-10-01 19:39:51.707 INF pkg/clickhouse/clickhouse.go:1486 > SELECT d.path AS path, argMin(d.name, d.cache_path != '') AS name, any(lower(if(d.type='ObjectStorage',d.object_storage_type,d.type))) AS type, any(lower(d.metadata_type)) AS metadata_type, min(d.free_space) AS free_space, min(d.total_space) AS total_space, groupUniqArray(s.policy_name) AS storage_policies FROM system.disks AS d  LEFT JOIN (SELECT policy_name, arrayJoin(disks) AS disk FROM system.storage_policies) AS s ON s.disk = d.name GROUP BY d.path, if(d.path='', d.name, '')
2026-10-01 19:39:51.709 INF pkg/clickhouse/clickhouse.go:526 > clickhouse connection closed
2026-10-01 19:39:51.710 INF pkg/clickhouse/clickhouse.go:171 > clickhouse connection success: tcp://127.0.0.1:9000
2026-10-01 19:39:51.710 INF pkg/clickhouse/clickhouse.go:1486 > SELECT countIf(name='type') AS is_disk_type_present, countIf(name='object_storage_type') AS is_object_storage_type_present, countIf(name='metadata_type') AS is_metadata_type_present, countIf(name='free_space') AS is_free_space_present, countIf(name='disks') AS is_storage_policy_present, countIf(name='cache_path') AS is_cache_path_present FROM system.columns WHERE database='system' AND table IN ('disks','storage_policies') 
2026-10-01 19:39:51.712 INF pkg/clickhouse/clickhouse.go:1486 > SELECT d.path AS path, argMin(d.name, d.cache_path != '') AS name, any(lower(if(d.type='ObjectStorage',d.object_storage_type,d.type))) AS type, any(lower(d.metadata_type)) AS metadata_type, min(d.free_space) AS free_space, min(d.total_space) AS total_space, groupUniqArray(s.policy_name) AS storage_policies FROM system.disks AS d  LEFT JOIN (SELECT policy_name, arrayJoin(disks) AS disk FROM system.storage_policies) AS s ON s.disk = d.name GROUP BY d.path, if(d.path='', d.name, '')
2026-10-01 19:39:51.713 INF pkg/clickhouse/clickhouse.go:1484 > CREATE DATABASE IF NOT EXISTS `ch_drill_scratch` ENGINE = Atomic with args []interface {}{[]interface {}(nil)}
2026-10-01 19:39:51.715 INF pkg/clickhouse/clickhouse.go:1484 > SELECT name, count(*) as is_present FROM system.settings WHERE name IN (?, ?) GROUP BY name with args []interface {}{"show_table_uuid_in_table_create_query_if_not_nil", "format_display_secrets_in_show_and_select"}
2026-10-01 19:39:51.717 INF pkg/clickhouse/clickhouse.go:1486 > SELECT name FROM system.databases WHERE engine IN ('DataLakeCatalog','MySQL','PostgreSQL','MaterializedPostgreSQL')
2026-10-01 19:39:51.717 INF pkg/clickhouse/clickhouse.go:1486 >    SELECT     countIf(name='data_path') is_data_path_present,     countIf(name='data_paths') is_data_paths_present,     countIf(name='uuid') is_uuid_present,     countIf(name='create_table_query') is_create_table_query_present,     countIf(name='total_bytes') is_total_bytes_present    FROM system.columns WHERE database='system' AND table='tables'  
2026-10-01 19:39:51.719 INF pkg/clickhouse/clickhouse.go:1486 > SELECT database, name, engine , data_paths , uuid , create_table_query , coalesce(total_bytes, 0) AS total_bytes   FROM system.tables WHERE is_temporary = 0 AND match(concat(database,'.',name),'^.*$|^ch_drill_scratch\..*$')  ORDER BY total_bytes DESC SETTINGS show_table_uuid_in_table_create_query_if_not_nil=1, format_display_secrets_in_show_and_select=1
2026-10-01 19:39:51.742 INF pkg/clickhouse/clickhouse.go:1486 > SELECT data_path AS metadata_path FROM system.databases WHERE name = 'system' LIMIT 1
2026-10-01 19:39:51.743 INF pkg/clickhouse/clickhouse.go:1486 > SELECT sum(bytes_on_disk) as size FROM system.parts WHERE active AND database='exchange_analytics' AND table='account_pnl' GROUP BY database, table
2026-10-01 19:39:51.745 INF pkg/clickhouse/clickhouse.go:1486 > SELECT sum(bytes_on_disk) as size FROM system.parts WHERE active AND database='exchange_analytics' AND table='block_trades_tape' GROUP BY database, table
2026-10-01 19:39:51.747 INF pkg/clickhouse/clickhouse.go:1486 > SELECT sum(bytes_on_disk) as size FROM system.parts WHERE active AND database='exchange_analytics' AND table='greeks_snapshots' GROUP BY database, table
2026-10-01 19:39:51.748 INF pkg/clickhouse/clickhouse.go:1486 > SELECT sum(bytes_on_disk) as size FROM system.parts WHERE active AND database='exchange_analytics' AND table='income_ledger' GROUP BY database, table
2026-10-01 19:39:51.749 INF pkg/clickhouse/clickhouse.go:1486 > SELECT sum(bytes_on_disk) as size FROM system.parts WHERE active AND database='exchange_analytics' AND table='ohlcv_15m' GROUP BY database, table
2026-10-01 19:39:51.751 INF pkg/clickhouse/clickhouse.go:1486 > SELECT sum(bytes_on_disk) as size FROM system.parts WHERE active AND database='exchange_analytics' AND table='ohlcv_1d' GROUP BY database, table
2026-10-01 19:39:51.752 INF pkg/clickhouse/clickhouse.go:1486 > SELECT sum(bytes_on_disk) as size FROM system.parts WHERE active AND database='exchange_analytics' AND table='ohlcv_1h' GROUP BY database, table
2026-10-01 19:39:51.754 INF pkg/clickhouse/clickhouse.go:1486 > SELECT sum(bytes_on_disk) as size FROM system.parts WHERE active AND database='exchange_analytics' AND table='ohlcv_1m' GROUP BY database, table
2026-10-01 19:39:51.755 INF pkg/clickhouse/clickhouse.go:1486 > SELECT sum(bytes_on_disk) as size FROM system.parts WHERE active AND database='exchange_analytics' AND table='ohlcv_1mo' GROUP BY database, table
2026-10-01 19:39:51.756 INF pkg/clickhouse/clickhouse.go:1486 > SELECT sum(bytes_on_disk) as size FROM system.parts WHERE active AND database='exchange_analytics' AND table='ohlcv_1w' GROUP BY database, table
2026-10-01 19:39:51.758 INF pkg/clickhouse/clickhouse.go:1486 > SELECT sum(bytes_on_disk) as size FROM system.parts WHERE active AND database='exchange_analytics' AND table='ohlcv_2h' GROUP BY database, table
2026-10-01 19:39:51.759 INF pkg/clickhouse/clickhouse.go:1486 > SELECT sum(bytes_on_disk) as size FROM system.parts WHERE active AND database='exchange_analytics' AND table='ohlcv_30m' GROUP BY database, table
2026-10-01 19:39:51.760 INF pkg/clickhouse/clickhouse.go:1486 > SELECT sum(bytes_on_disk) as size FROM system.parts WHERE active AND database='exchange_analytics' AND table='ohlcv_4h' GROUP BY database, table
2026-10-01 19:39:51.761 INF pkg/clickhouse/clickhouse.go:1486 > SELECT sum(bytes_on_disk) as size FROM system.parts WHERE active AND database='exchange_analytics' AND table='ohlcv_5m' GROUP BY database, table
2026-10-01 19:39:51.762 INF pkg/clickhouse/clickhouse.go:1486 > SELECT sum(bytes_on_disk) as size FROM system.parts WHERE active AND database='exchange_analytics' AND table='ohlcv_6h' GROUP BY database, table
2026-10-01 19:39:51.763 INF pkg/clickhouse/clickhouse.go:1486 > SELECT sum(bytes_on_disk) as size FROM system.parts WHERE active AND database='exchange_analytics' AND table='ohlcv_8h' GROUP BY database, table
2026-10-01 19:39:51.764 INF pkg/clickhouse/clickhouse.go:1486 > SELECT sum(bytes_on_disk) as size FROM system.parts WHERE active AND database='exchange_analytics' AND table='tca_results' GROUP BY database, table
2026-10-01 19:39:51.765 INF pkg/clickhouse/clickhouse.go:1486 > SELECT sum(bytes_on_disk) as size FROM system.parts WHERE active AND database='exchange_analytics' AND table='trades' GROUP BY database, table
2026-10-01 19:39:51.766 INF pkg/clickhouse/clickhouse.go:1486 > DROP TABLE IF EXISTS `ch_drill_scratch`.`ohlcv_1w` NO DELAY
2026-10-01 19:39:51.767 INF pkg/clickhouse/clickhouse.go:1486 > DROP TABLE IF EXISTS `ch_drill_scratch`.`ohlcv_2h` NO DELAY
2026-10-01 19:39:51.767 INF pkg/clickhouse/clickhouse.go:1486 > DROP TABLE IF EXISTS `ch_drill_scratch`.`greeks_snapshots` NO DELAY
2026-10-01 19:39:51.767 INF pkg/clickhouse/clickhouse.go:1486 > DROP TABLE IF EXISTS `ch_drill_scratch`.`income_ledger` NO DELAY
2026-10-01 19:39:51.767 INF pkg/clickhouse/clickhouse.go:1486 > DROP TABLE IF EXISTS `ch_drill_scratch`.`volume_stats` NO DELAY
2026-10-01 19:39:51.767 INF pkg/clickhouse/clickhouse.go:1486 > DROP TABLE IF EXISTS `ch_drill_scratch`.`ohlcv_15m` NO DELAY
2026-10-01 19:39:51.767 INF pkg/clickhouse/clickhouse.go:1486 > DROP TABLE IF EXISTS `ch_drill_scratch`.`ohlcv_1d` NO DELAY
2026-10-01 19:39:51.767 INF pkg/clickhouse/clickhouse.go:1486 > DROP TABLE IF EXISTS `ch_drill_scratch`.`ohlcv_1h` NO DELAY
2026-10-01 19:39:51.767 INF pkg/clickhouse/clickhouse.go:1486 > DROP TABLE IF EXISTS `ch_drill_scratch`.`ohlcv_1m` NO DELAY
2026-10-01 19:39:51.768 INF pkg/clickhouse/clickhouse.go:1486 > DROP TABLE IF EXISTS `ch_drill_scratch`.`ohlcv_30m` NO DELAY
2026-10-01 19:39:51.768 INF pkg/clickhouse/clickhouse.go:1486 > DROP TABLE IF EXISTS `ch_drill_scratch`.`block_trades_tape` NO DELAY
2026-10-01 19:39:51.768 INF pkg/clickhouse/clickhouse.go:1486 > DROP TABLE IF EXISTS `ch_drill_scratch`.`account_pnl` NO DELAY
2026-10-01 19:39:51.768 INF pkg/clickhouse/clickhouse.go:1486 > DROP TABLE IF EXISTS `ch_drill_scratch`.`ohlcv_1mo` NO DELAY
2026-10-01 19:39:51.768 INF pkg/clickhouse/clickhouse.go:1486 > DROP TABLE IF EXISTS `ch_drill_scratch`.`ohlcv_4h` NO DELAY
2026-10-01 19:39:51.768 INF pkg/clickhouse/clickhouse.go:1486 > DROP TABLE IF EXISTS `ch_drill_scratch`.`ohlcv_5m` NO DELAY
2026-10-01 19:39:51.768 INF pkg/clickhouse/clickhouse.go:1486 > DROP TABLE IF EXISTS `ch_drill_scratch`.`ohlcv_6h` NO DELAY
2026-10-01 19:39:51.768 INF pkg/clickhouse/clickhouse.go:1486 > DROP TABLE IF EXISTS `ch_drill_scratch`.`ohlcv_8h` NO DELAY
2026-10-01 19:39:51.769 INF pkg/clickhouse/clickhouse.go:1486 > DROP TABLE IF EXISTS `ch_drill_scratch`.`tca_results` NO DELAY
2026-10-01 19:39:51.769 INF pkg/clickhouse/clickhouse.go:1486 > DROP TABLE IF EXISTS `ch_drill_scratch`.`ticks` NO DELAY
2026-10-01 19:39:51.769 INF pkg/clickhouse/clickhouse.go:1486 > DROP TABLE IF EXISTS `ch_drill_scratch`.`trades` NO DELAY
2026-10-01 19:39:51.769 INF pkg/clickhouse/clickhouse.go:1486 > DROP TABLE IF EXISTS `ch_drill_scratch`.`ohlcv` NO DELAY
2026-10-01 19:39:51.769 INF pkg/clickhouse/clickhouse.go:1486 > DROP TABLE IF EXISTS `ch_drill_scratch`.`volume_stats_hourly_mv` NO DELAY
2026-10-01 19:39:51.769 INF pkg/clickhouse/clickhouse.go:1486 > CREATE DATABASE IF NOT EXISTS `ch_drill_scratch` ENGINE=Atomic
2026-10-01 19:39:51.769 INF pkg/clickhouse/clickhouse.go:1486 > CREATE TABLE ch_drill_scratch.ohlcv_1w UUID 'deb00086-bdcf-11f1-9349-aac0bf344d7d' (`bucket` DateTime('UTC'), `symbol` LowCardinality(String), `open` SimpleAggregateFunction(anyLast, Decimal(38, 8)), `high` SimpleAggregateFunction(max, Decimal(38, 8)), `low` SimpleAggregateFunction(min, Decimal(38, 8)), `close` SimpleAggregateFunction(anyLast, Decimal(38, 8)), `volume` Decimal(38, 8), `quote_volume` Decimal(38, 8), `trade_count` UInt64) ENGINE = SummingMergeTree PARTITION BY toYYYYMM(bucket) ORDER BY (symbol, bucket) TTL bucket + toIntervalYear(5) SETTINGS index_granularity = 8192
2026-10-01 19:39:51.771 INF pkg/clickhouse/clickhouse.go:1486 > CREATE TABLE ch_drill_scratch.ohlcv_2h UUID 'deb00315-bdcf-11f1-9349-aac0bf344d7d' (`bucket` DateTime('UTC'), `symbol` LowCardinality(String), `open` SimpleAggregateFunction(anyLast, Decimal(38, 8)), `high` SimpleAggregateFunction(max, Decimal(38, 8)), `low` SimpleAggregateFunction(min, Decimal(38, 8)), `close` SimpleAggregateFunction(anyLast, Decimal(38, 8)), `volume` Decimal(38, 8), `quote_volume` Decimal(38, 8), `trade_count` UInt64) ENGINE = SummingMergeTree PARTITION BY toYYYYMM(bucket) ORDER BY (symbol, bucket) TTL bucket + toIntervalYear(5) SETTINGS index_granularity = 8192
2026-10-01 19:39:51.773 INF pkg/clickhouse/clickhouse.go:1486 > CREATE TABLE ch_drill_scratch.greeks_snapshots UUID 'deb003e5-bdcf-11f1-9349-aac0bf344d7d' (`ts` DateTime64(3, 'UTC'), `symbol` LowCardinality(String), `underlying` LowCardinality(String), `right` LowCardinality(String), `style` LowCardinality(String), `model` LowCardinality(String), `expiry` DateTime64(3, 'UTC'), `strike` Float64, `delta` Float64, `gamma` Float64, `vega` Float64, `theta` Float64, `rho` Float64, `rho_foreign` Float64) ENGINE = MergeTree PARTITION BY toYYYYMM(ts) ORDER BY (symbol, expiry, ts) SETTINGS index_granularity = 8192
2026-10-01 19:39:51.774 INF pkg/clickhouse/clickhouse.go:1486 > CREATE TABLE ch_drill_scratch.income_ledger UUID 'deb004b2-bdcf-11f1-9349-aac0bf344d7d' (`posted_at` DateTime64(3, 'UTC'), `account_id` UInt64, `currency` FixedString(3), `income_type` LowCardinality(String), `entry_type` LowCardinality(String), `amount` Decimal(38, 8), `ledger_entry_id` UInt64, `journal_entry_id` UInt64, `reference_id` UInt64, `description` String, `ver` UInt64) ENGINE = ReplacingMergeTree(ver) PARTITION BY toYYYYMM(posted_at) ORDER BY (account_id, currency, ledger_entry_id) SETTINGS index_granularity = 8192
2026-10-01 19:39:51.776 INF pkg/clickhouse/clickhouse.go:1486 > CREATE TABLE ch_drill_scratch.volume_stats UUID 'deb00569-bdcf-11f1-9349-aac0bf344d7d' (`symbol` LowCardinality(String), `bucket_start` DateTime('UTC'), `granularity` LowCardinality(String), `volume` Decimal(38, 8), `quote_volume` Decimal(38, 8), `trade_count` UInt64, `orders_submitted` UInt64, `orders_filled` UInt64) ENGINE = SummingMergeTree PARTITION BY toYYYYMM(bucket_start) ORDER BY (symbol, bucket_start, granularity) TTL bucket_start + toIntervalYear(5) SETTINGS index_granularity = 8192
2026-10-01 19:39:51.777 INF pkg/clickhouse/clickhouse.go:1486 > CREATE TABLE ch_drill_scratch.ohlcv_15m UUID 'deb0063d-bdcf-11f1-9349-aac0bf344d7d' (`bucket` DateTime('UTC'), `symbol` LowCardinality(String), `open` SimpleAggregateFunction(anyLast, Decimal(38, 8)), `high` SimpleAggregateFunction(max, Decimal(38, 8)), `low` SimpleAggregateFunction(min, Decimal(38, 8)), `close` SimpleAggregateFunction(anyLast, Decimal(38, 8)), `volume` Decimal(38, 8), `quote_volume` Decimal(38, 8), `trade_count` UInt64) ENGINE = SummingMergeTree PARTITION BY toYYYYMM(bucket) ORDER BY (symbol, bucket) TTL bucket + toIntervalYear(5) SETTINGS index_granularity = 8192
2026-10-01 19:39:51.779 INF pkg/clickhouse/clickhouse.go:1486 > CREATE TABLE ch_drill_scratch.ohlcv_1d UUID 'deb0070e-bdcf-11f1-9349-aac0bf344d7d' (`bucket` DateTime('UTC'), `symbol` LowCardinality(String), `open` SimpleAggregateFunction(anyLast, Decimal(38, 8)), `high` SimpleAggregateFunction(max, Decimal(38, 8)), `low` SimpleAggregateFunction(min, Decimal(38, 8)), `close` SimpleAggregateFunction(anyLast, Decimal(38, 8)), `volume` Decimal(38, 8), `quote_volume` Decimal(38, 8), `trade_count` UInt64) ENGINE = SummingMergeTree PARTITION BY toYYYYMM(bucket) ORDER BY (symbol, bucket) TTL bucket + toIntervalYear(5) SETTINGS index_granularity = 8192
2026-10-01 19:39:51.780 INF pkg/clickhouse/clickhouse.go:1486 > CREATE TABLE ch_drill_scratch.ohlcv_1h UUID 'deb007e1-bdcf-11f1-9349-aac0bf344d7d' (`bucket` DateTime('UTC'), `symbol` LowCardinality(String), `open` SimpleAggregateFunction(anyLast, Decimal(38, 8)), `high` SimpleAggregateFunction(max, Decimal(38, 8)), `low` SimpleAggregateFunction(min, Decimal(38, 8)), `close` SimpleAggregateFunction(anyLast, Decimal(38, 8)), `volume` Decimal(38, 8), `quote_volume` Decimal(38, 8), `trade_count` UInt64) ENGINE = SummingMergeTree PARTITION BY toYYYYMM(bucket) ORDER BY (symbol, bucket) TTL bucket + toIntervalYear(5) SETTINGS index_granularity = 8192
2026-10-01 19:39:51.783 INF pkg/clickhouse/clickhouse.go:1486 > CREATE TABLE ch_drill_scratch.ohlcv_1m UUID 'deb008d2-bdcf-11f1-9349-aac0bf344d7d' (`bucket` DateTime('UTC'), `symbol` LowCardinality(String), `open` SimpleAggregateFunction(anyLast, Decimal(38, 8)), `high` SimpleAggregateFunction(max, Decimal(38, 8)), `low` SimpleAggregateFunction(min, Decimal(38, 8)), `close` SimpleAggregateFunction(anyLast, Decimal(38, 8)), `volume` Decimal(38, 8), `quote_volume` Decimal(38, 8), `trade_count` UInt64) ENGINE = SummingMergeTree PARTITION BY toYYYYMM(bucket) ORDER BY (symbol, bucket) TTL bucket + toIntervalYear(5) SETTINGS index_granularity = 8192
2026-10-01 19:39:51.788 INF pkg/clickhouse/clickhouse.go:1486 > CREATE TABLE ch_drill_scratch.ohlcv_30m UUID 'deb009a0-bdcf-11f1-9349-aac0bf344d7d' (`bucket` DateTime('UTC'), `symbol` LowCardinality(String), `open` SimpleAggregateFunction(anyLast, Decimal(38, 8)), `high` SimpleAggregateFunction(max, Decimal(38, 8)), `low` SimpleAggregateFunction(min, Decimal(38, 8)), `close` SimpleAggregateFunction(anyLast, Decimal(38, 8)), `volume` Decimal(38, 8), `quote_volume` Decimal(38, 8), `trade_count` UInt64) ENGINE = SummingMergeTree PARTITION BY toYYYYMM(bucket) ORDER BY (symbol, bucket) TTL bucket + toIntervalYear(5) SETTINGS index_granularity = 8192
2026-10-01 19:39:51.790 INF pkg/clickhouse/clickhouse.go:1486 > CREATE TABLE ch_drill_scratch.block_trades_tape UUID 'deb00a9a-bdcf-11f1-9349-aac0bf344d7d' (`entry_id` UInt64, `kind` LowCardinality(String), `block_trade_id` UInt64, `symbol` LowCardinality(String), `price` Decimal(38, 8), `quantity` Decimal(38, 8), `notional_usd` Decimal(38, 8), `exec_ts` DateTime64(3, 'UTC'), `pub_ts` DateTime64(3, 'UTC'), `delay_ms` UInt64, `venue_flags` Array(String), `original_trade_id` UInt64, `corrected_price` Nullable(Decimal(38, 8)), `corrected_quantity` Nullable(Decimal(38, 8)), `ver` UInt64) ENGINE = ReplacingMergeTree(ver) PARTITION BY toYYYYMM(pub_ts) ORDER BY (symbol, pub_ts, entry_id) TTL pub_ts + toIntervalYear(5) SETTINGS index_granularity = 8192
2026-10-01 19:39:51.792 INF pkg/clickhouse/clickhouse.go:1486 > CREATE TABLE ch_drill_scratch.account_pnl UUID 'deb00b41-bdcf-11f1-9349-aac0bf344d7d' (`account_id` Int64, `instrument_id` Int64, `symbol` LowCardinality(String), `day` Date, `realized` Decimal(38, 8), `unrealized` Decimal(38, 8), `fees` Decimal(38, 8), `ts` DateTime64(3, 'UTC'), `ver` UInt64) ENGINE = ReplacingMergeTree(ver) PARTITION BY toYYYYMM(day) ORDER BY (account_id, instrument_id, day) SETTINGS index_granularity = 8192
2026-10-01 19:39:51.794 INF pkg/clickhouse/clickhouse.go:1486 > CREATE TABLE ch_drill_scratch.ohlcv_1mo UUID 'deb00c1a-bdcf-11f1-9349-aac0bf344d7d' (`bucket` DateTime('UTC'), `symbol` LowCardinality(String), `open` SimpleAggregateFunction(anyLast, Decimal(38, 8)), `high` SimpleAggregateFunction(max, Decimal(38, 8)), `low` SimpleAggregateFunction(min, Decimal(38, 8)), `close` SimpleAggregateFunction(anyLast, Decimal(38, 8)), `volume` Decimal(38, 8), `quote_volume` Decimal(38, 8), `trade_count` UInt64) ENGINE = SummingMergeTree PARTITION BY toYYYYMM(bucket) ORDER BY (symbol, bucket) TTL bucket + toIntervalYear(5) SETTINGS index_granularity = 8192
2026-10-01 19:39:51.795 INF pkg/clickhouse/clickhouse.go:1486 > CREATE TABLE ch_drill_scratch.ohlcv_4h UUID 'deb00cf6-bdcf-11f1-9349-aac0bf344d7d' (`bucket` DateTime('UTC'), `symbol` LowCardinality(String), `open` SimpleAggregateFunction(anyLast, Decimal(38, 8)), `high` SimpleAggregateFunction(max, Decimal(38, 8)), `low` SimpleAggregateFunction(min, Decimal(38, 8)), `close` SimpleAggregateFunction(anyLast, Decimal(38, 8)), `volume` Decimal(38, 8), `quote_volume` Decimal(38, 8), `trade_count` UInt64) ENGINE = SummingMergeTree PARTITION BY toYYYYMM(bucket) ORDER BY (symbol, bucket) TTL bucket + toIntervalYear(5) SETTINGS index_granularity = 8192
2026-10-01 19:39:51.797 INF pkg/clickhouse/clickhouse.go:1486 > CREATE TABLE ch_drill_scratch.ohlcv_5m UUID 'deb00dce-bdcf-11f1-9349-aac0bf344d7d' (`bucket` DateTime('UTC'), `symbol` LowCardinality(String), `open` SimpleAggregateFunction(anyLast, Decimal(38, 8)), `high` SimpleAggregateFunction(max, Decimal(38, 8)), `low` SimpleAggregateFunction(min, Decimal(38, 8)), `close` SimpleAggregateFunction(anyLast, Decimal(38, 8)), `volume` Decimal(38, 8), `quote_volume` Decimal(38, 8), `trade_count` UInt64) ENGINE = SummingMergeTree PARTITION BY toYYYYMM(bucket) ORDER BY (symbol, bucket) TTL bucket + toIntervalYear(5) SETTINGS index_granularity = 8192
2026-10-01 19:39:51.798 INF pkg/clickhouse/clickhouse.go:1486 > CREATE TABLE ch_drill_scratch.ohlcv_6h UUID 'deb00ea0-bdcf-11f1-9349-aac0bf344d7d' (`bucket` DateTime('UTC'), `symbol` LowCardinality(String), `open` SimpleAggregateFunction(anyLast, Decimal(38, 8)), `high` SimpleAggregateFunction(max, Decimal(38, 8)), `low` SimpleAggregateFunction(min, Decimal(38, 8)), `close` SimpleAggregateFunction(anyLast, Decimal(38, 8)), `volume` Decimal(38, 8), `quote_volume` Decimal(38, 8), `trade_count` UInt64) ENGINE = SummingMergeTree PARTITION BY toYYYYMM(bucket) ORDER BY (symbol, bucket) TTL bucket + toIntervalYear(5) SETTINGS index_granularity = 8192
2026-10-01 19:39:51.800 INF pkg/clickhouse/clickhouse.go:1486 > CREATE TABLE ch_drill_scratch.ohlcv_8h UUID 'deb00f7e-bdcf-11f1-9349-aac0bf344d7d' (`bucket` DateTime('UTC'), `symbol` LowCardinality(String), `open` SimpleAggregateFunction(anyLast, Decimal(38, 8)), `high` SimpleAggregateFunction(max, Decimal(38, 8)), `low` SimpleAggregateFunction(min, Decimal(38, 8)), `close` SimpleAggregateFunction(anyLast, Decimal(38, 8)), `volume` Decimal(38, 8), `quote_volume` Decimal(38, 8), `trade_count` UInt64) ENGINE = SummingMergeTree PARTITION BY toYYYYMM(bucket) ORDER BY (symbol, bucket) TTL bucket + toIntervalYear(5) SETTINGS index_granularity = 8192
2026-10-01 19:39:51.801 INF pkg/clickhouse/clickhouse.go:1486 > CREATE TABLE ch_drill_scratch.tca_results UUID 'deb010bb-bdcf-11f1-9349-aac0bf344d7d' (`account_id` Int64, `instrument_id` Int64, `symbol` LowCardinality(String), `fill_id` Int64, `order_id` Int64, `exec_price` Decimal(38, 8), `arrival_price` Nullable(Decimal(38, 8)), `session_vwap` Nullable(Decimal(38, 8)), `ecb_fix` Nullable(Decimal(38, 8)), `slip_arrival_bps` Nullable(Decimal(20, 6)), `slip_vwap_bps` Nullable(Decimal(20, 6)), `slip_fix_bps` Nullable(Decimal(20, 6)), `price_improvement_delta` Nullable(Decimal(38, 8)), `period` LowCardinality(String), `period_start` DateTime64(3, 'UTC'), `ts` DateTime64(3, 'UTC'), `ver` UInt64) ENGINE = ReplacingMergeTree(ver) PARTITION BY toYYYYMM(ts) ORDER BY (account_id, instrument_id, fill_id, order_id, period) SETTINGS index_granularity = 8192
2026-10-01 19:39:51.803 INF pkg/clickhouse/clickhouse.go:1486 > CREATE TABLE ch_drill_scratch.ticks UUID 'deb0117f-bdcf-11f1-9349-aac0bf344d7d' (`ts` DateTime64(3, 'UTC'), `symbol` LowCardinality(String), `price` Decimal(38, 8), `quantity` Decimal(38, 8), `side` LowCardinality(String), `trade_id` UInt64, `event_seq` UInt64, `shard_id` UInt32, `ver` UInt64) ENGINE = ReplacingMergeTree(ver) PARTITION BY toYYYYMM(ts) ORDER BY (symbol, trade_id, event_seq) TTL ts + toIntervalDay(90) SETTINGS index_granularity = 8192
2026-10-01 19:39:51.805 INF pkg/clickhouse/clickhouse.go:1486 > CREATE TABLE ch_drill_scratch.trades UUID 'deb0125a-bdcf-11f1-9349-aac0bf344d7d' (`ts` DateTime64(3, 'UTC'), `symbol` LowCardinality(String), `trade_id` UInt64, `instrument_id` Int64, `maker_account_id` Int64, `taker_account_id` Int64, `buy_order_id` UInt64, `sell_order_id` UInt64, `price` Decimal(38, 8), `qty` Decimal(38, 8), `aggressor_side` LowCardinality(String), `event_seq` UInt64, `shard_id` UInt32, `ver` UInt64) ENGINE = ReplacingMergeTree(ver) PARTITION BY toYYYYMM(ts) ORDER BY (symbol, trade_id, event_seq) TTL ts + toIntervalYear(5) SETTINGS index_granularity = 8192
2026-10-01 19:39:51.806 INF pkg/clickhouse/clickhouse.go:1486 > CREATE VIEW ch_drill_scratch.ohlcv UUID 'deb0134b-bdcf-11f1-9349-aac0bf344d7d' (`interval` String, `bucket` DateTime('UTC'), `symbol` LowCardinality(String), `open` SimpleAggregateFunction(anyLast, Decimal(38, 8)), `high` SimpleAggregateFunction(max, Decimal(38, 8)), `low` SimpleAggregateFunction(min, Decimal(38, 8)), `close` SimpleAggregateFunction(anyLast, Decimal(38, 8)), `volume` Decimal(38, 8), `quote_volume` Decimal(38, 8), `trade_count` UInt64) AS SELECT '1m' AS interval, * FROM exchange_analytics.ohlcv_1m UNION ALL SELECT '5m', * FROM exchange_analytics.ohlcv_5m UNION ALL SELECT '15m', * FROM exchange_analytics.ohlcv_15m UNION ALL SELECT '30m', * FROM exchange_analytics.ohlcv_30m UNION ALL SELECT '1h', * FROM exchange_analytics.ohlcv_1h UNION ALL SELECT '2h', * FROM exchange_analytics.ohlcv_2h UNION ALL SELECT '4h', * FROM exchange_analytics.ohlcv_4h UNION ALL SELECT '6h', * FROM exchange_analytics.ohlcv_6h UNION ALL SELECT '8h', * FROM exchange_analytics.ohlcv_8h UNION ALL SELECT '1D', * FROM exchange_analytics.ohlcv_1d UNION ALL SELECT '1W', * FROM exchange_analytics.ohlcv_1w UNION ALL SELECT '1M', * FROM ch_drill_scratch.ohlcv_1mo
2026-10-01 19:39:51.807 INF pkg/clickhouse/clickhouse.go:1486 > ATTACH MATERIALIZED VIEW ch_drill_scratch.volume_stats_hourly_mv UUID 'deb013f3-bdcf-11f1-9349-aac0bf344d7d' TO ch_drill_scratch.volume_stats (`symbol` LowCardinality(String), `bucket_start` DateTime('UTC'), `granularity` String, `volume` Decimal(38, 8), `quote_volume` Decimal(38, 8), `trade_count` UInt64, `orders_submitted` UInt64, `orders_filled` UInt64) AS SELECT symbol, toStartOfHour(ts) AS bucket_start, '1h' AS granularity, sum(quantity) AS volume, sum(toDecimal128(price * quantity, 8)) AS quote_volume, count() AS trade_count, toUInt64(0) AS orders_submitted, toUInt64(0) AS orders_filled FROM ch_drill_scratch.ticks GROUP BY symbol, bucket_start
2026-10-01 19:39:51.808 INF pkg/backup/restore.go:1737 > done, backup=drill-2026-Q4, duration=42ms, operation=restore_schema
2026-10-01 19:39:51.809 INF pkg/clickhouse/clickhouse.go:1484 > SELECT name, count(*) as is_present FROM system.settings WHERE name IN (?, ?) GROUP BY name with args []interface {}{"show_table_uuid_in_table_create_query_if_not_nil", "format_display_secrets_in_show_and_select"}
2026-10-01 19:39:51.810 INF pkg/clickhouse/clickhouse.go:1486 > SELECT name FROM system.databases WHERE engine IN ('DataLakeCatalog','MySQL','PostgreSQL','MaterializedPostgreSQL')
2026-10-01 19:39:51.811 INF pkg/clickhouse/clickhouse.go:1486 >    SELECT     countIf(name='data_path') is_data_path_present,     countIf(name='data_paths') is_data_paths_present,     countIf(name='uuid') is_uuid_present,     countIf(name='create_table_query') is_create_table_query_present,     countIf(name='total_bytes') is_total_bytes_present    FROM system.columns WHERE database='system' AND table='tables'  
2026-10-01 19:39:51.812 INF pkg/clickhouse/clickhouse.go:1486 > SELECT database, name, engine , data_paths , uuid , create_table_query , coalesce(total_bytes, 0) AS total_bytes   FROM system.tables WHERE is_temporary = 0 AND match(concat(database,'.',name),'^.*$|^ch_drill_scratch\..*$')  ORDER BY total_bytes DESC SETTINGS show_table_uuid_in_table_create_query_if_not_nil=1, format_display_secrets_in_show_and_select=1
2026-10-01 19:39:51.827 INF pkg/clickhouse/clickhouse.go:1486 > SELECT data_path AS metadata_path FROM system.databases WHERE name = 'system' LIMIT 1
2026-10-01 19:39:51.828 INF pkg/clickhouse/clickhouse.go:1486 > SELECT sum(bytes_on_disk) as size FROM system.parts WHERE active AND database='exchange_analytics' AND table='tca_results' GROUP BY database, table
2026-10-01 19:39:51.830 INF pkg/clickhouse/clickhouse.go:1486 > SELECT sum(bytes_on_disk) as size FROM system.parts WHERE active AND database='exchange_analytics' AND table='account_pnl' GROUP BY database, table
2026-10-01 19:39:51.831 INF pkg/clickhouse/clickhouse.go:1486 > SELECT sum(bytes_on_disk) as size FROM system.parts WHERE active AND database='exchange_analytics' AND table='block_trades_tape' GROUP BY database, table
2026-10-01 19:39:51.832 INF pkg/clickhouse/clickhouse.go:1486 > SELECT sum(bytes_on_disk) as size FROM system.parts WHERE active AND database='exchange_analytics' AND table='greeks_snapshots' GROUP BY database, table
2026-10-01 19:39:51.833 INF pkg/clickhouse/clickhouse.go:1486 > SELECT sum(bytes_on_disk) as size FROM system.parts WHERE active AND database='exchange_analytics' AND table='income_ledger' GROUP BY database, table
2026-10-01 19:39:51.834 INF pkg/clickhouse/clickhouse.go:1486 > SELECT sum(bytes_on_disk) as size FROM system.parts WHERE active AND database='exchange_analytics' AND table='ohlcv_15m' GROUP BY database, table
2026-10-01 19:39:51.835 INF pkg/clickhouse/clickhouse.go:1486 > SELECT sum(bytes_on_disk) as size FROM system.parts WHERE active AND database='exchange_analytics' AND table='ohlcv_1d' GROUP BY database, table
2026-10-01 19:39:51.836 INF pkg/clickhouse/clickhouse.go:1486 > SELECT sum(bytes_on_disk) as size FROM system.parts WHERE active AND database='exchange_analytics' AND table='ohlcv_1h' GROUP BY database, table
2026-10-01 19:39:51.837 INF pkg/clickhouse/clickhouse.go:1486 > SELECT sum(bytes_on_disk) as size FROM system.parts WHERE active AND database='exchange_analytics' AND table='ohlcv_1m' GROUP BY database, table
2026-10-01 19:39:51.838 INF pkg/clickhouse/clickhouse.go:1486 > SELECT sum(bytes_on_disk) as size FROM system.parts WHERE active AND database='exchange_analytics' AND table='ohlcv_1mo' GROUP BY database, table
2026-10-01 19:39:51.839 INF pkg/clickhouse/clickhouse.go:1486 > SELECT sum(bytes_on_disk) as size FROM system.parts WHERE active AND database='exchange_analytics' AND table='ohlcv_1w' GROUP BY database, table
2026-10-01 19:39:51.840 INF pkg/clickhouse/clickhouse.go:1486 > SELECT sum(bytes_on_disk) as size FROM system.parts WHERE active AND database='exchange_analytics' AND table='ohlcv_2h' GROUP BY database, table
2026-10-01 19:39:51.841 INF pkg/clickhouse/clickhouse.go:1486 > SELECT sum(bytes_on_disk) as size FROM system.parts WHERE active AND database='exchange_analytics' AND table='ohlcv_30m' GROUP BY database, table
2026-10-01 19:39:51.842 INF pkg/clickhouse/clickhouse.go:1486 > SELECT sum(bytes_on_disk) as size FROM system.parts WHERE active AND database='exchange_analytics' AND table='ohlcv_4h' GROUP BY database, table
2026-10-01 19:39:51.843 INF pkg/clickhouse/clickhouse.go:1486 > SELECT sum(bytes_on_disk) as size FROM system.parts WHERE active AND database='exchange_analytics' AND table='ohlcv_5m' GROUP BY database, table
2026-10-01 19:39:51.844 INF pkg/clickhouse/clickhouse.go:1486 > SELECT sum(bytes_on_disk) as size FROM system.parts WHERE active AND database='exchange_analytics' AND table='ohlcv_6h' GROUP BY database, table
2026-10-01 19:39:51.845 INF pkg/clickhouse/clickhouse.go:1486 > SELECT sum(bytes_on_disk) as size FROM system.parts WHERE active AND database='exchange_analytics' AND table='trades' GROUP BY database, table
2026-10-01 19:39:51.845 INF pkg/clickhouse/clickhouse.go:1486 > SELECT sum(bytes_on_disk) as size FROM system.parts WHERE active AND database='exchange_analytics' AND table='ohlcv_8h' GROUP BY database, table
2026-10-01 19:39:51.847 INF pkg/backup/restore.go:2591 > download object_disks start, table=ch_drill_scratch.ohlcv_4h
2026-10-01 19:39:51.847 INF pkg/backup/restore.go:2591 > download object_disks start, table=ch_drill_scratch.ohlcv_1h
2026-10-01 19:39:51.847 INF pkg/backup/restore.go:2603 > download object_disks finish, duration=0s, size=0B, database=exchange_analytics, table=ohlcv_1h
2026-10-01 19:39:51.847 INF pkg/backup/restore.go:2591 > download object_disks start, table=ch_drill_scratch.block_trades_tape
2026-10-01 19:39:51.847 INF pkg/backup/restore.go:2503 > done, database=ch_drill_scratch, duration=0s, operation=restoreDataRegular, progress=8/22, table=ohlcv_1h
2026-10-01 19:39:51.847 INF pkg/backup/restore.go:2591 > download object_disks start, table=ch_drill_scratch.ohlcv_2h
2026-10-01 19:39:51.847 INF pkg/backup/restore.go:2603 > download object_disks finish, duration=0s, size=0B, database=exchange_analytics, table=ohlcv_2h
2026-10-01 19:39:51.847 INF pkg/backup/restore.go:2503 > done, database=ch_drill_scratch, duration=0s, operation=restoreDataRegular, progress=2/22, table=ohlcv_2h
2026-10-01 19:39:51.847 INF pkg/backup/restore.go:2591 > download object_disks start, table=ch_drill_scratch.ohlcv_5m
2026-10-01 19:39:51.847 INF pkg/backup/restore.go:2603 > download object_disks finish, duration=0s, size=0B, database=exchange_analytics, table=ohlcv_4h
2026-10-01 19:39:51.847 INF pkg/backup/restore.go:2591 > download object_disks start, table=ch_drill_scratch.ohlcv_6h
2026-10-01 19:39:51.847 INF pkg/backup/restore.go:2591 > download object_disks start, table=ch_drill_scratch.ohlcv_1m
2026-10-01 19:39:51.847 INF pkg/backup/restore.go:2591 > download object_disks start, table=ch_drill_scratch.account_pnl
2026-10-01 19:39:51.847 INF pkg/backup/restore.go:2591 > download object_disks start, table=ch_drill_scratch.ohlcv_30m
2026-10-01 19:39:51.847 INF pkg/backup/restore.go:2603 > download object_disks finish, duration=0s, size=0B, database=exchange_analytics, table=ohlcv_5m
2026-10-01 19:39:51.847 INF pkg/backup/restore.go:2603 > download object_disks finish, duration=0s, size=0B, database=exchange_analytics, table=ohlcv_1m
2026-10-01 19:39:51.847 INF pkg/backup/restore.go:2603 > download object_disks finish, duration=0s, size=0B, database=exchange_analytics, table=account_pnl
2026-10-01 19:39:51.847 INF pkg/backup/restore.go:2591 > download object_disks start, table=ch_drill_scratch.ohlcv_15m
2026-10-01 19:39:51.847 INF pkg/backup/restore.go:2603 > download object_disks finish, duration=0s, size=0B, database=exchange_analytics, table=ohlcv_15m
2026-10-01 19:39:51.847 INF pkg/backup/restore.go:2503 > done, database=ch_drill_scratch, duration=0s, operation=restoreDataRegular, progress=6/22, table=ohlcv_15m
2026-10-01 19:39:51.847 INF pkg/backup/restore.go:2591 > download object_disks start, table=ch_drill_scratch.ohlcv_1d
2026-10-01 19:39:51.847 INF pkg/backup/restore.go:2591 > download object_disks start, table=ch_drill_scratch.ohlcv_8h
2026-10-01 19:39:51.847 INF pkg/backup/restore.go:2603 > download object_disks finish, duration=0s, size=0B, database=exchange_analytics, table=ohlcv_8h
2026-10-01 19:39:51.847 INF pkg/backup/restore.go:2603 > download object_disks finish, duration=0s, size=0B, database=exchange_analytics, table=ohlcv_1d
2026-10-01 19:39:51.847 INF pkg/backup/restore.go:2503 > done, database=ch_drill_scratch, duration=0s, operation=restoreDataRegular, progress=17/22, table=ohlcv_8h
2026-10-01 19:39:51.847 INF pkg/backup/restore.go:2603 > download object_disks finish, duration=0s, size=0B, database=exchange_analytics, table=block_trades_tape
2026-10-01 19:39:51.847 INF pkg/backup/restore.go:2503 > done, database=ch_drill_scratch, duration=0s, operation=restoreDataRegular, progress=11/22, table=block_trades_tape
2026-10-01 19:39:51.847 INF pkg/backup/restore.go:2591 > download object_disks start, table=ch_drill_scratch.tca_results
2026-10-01 19:39:51.847 INF pkg/backup/restore.go:2603 > download object_disks finish, duration=0s, size=0B, database=exchange_analytics, table=tca_results
2026-10-01 19:39:51.847 INF pkg/backup/restore.go:2503 > done, database=ch_drill_scratch, duration=0s, operation=restoreDataRegular, progress=14/22, table=ohlcv_4h
2026-10-01 19:39:51.847 INF pkg/backup/restore.go:2591 > download object_disks start, table=ch_drill_scratch.income_ledger
2026-10-01 19:39:51.847 INF pkg/backup/restore.go:2603 > download object_disks finish, duration=0s, size=0B, database=exchange_analytics, table=income_ledger
2026-10-01 19:39:51.847 INF pkg/backup/restore.go:2591 > download object_disks start, table=ch_drill_scratch.trades
2026-10-01 19:39:51.847 INF pkg/backup/restore.go:2591 > download object_disks start, table=ch_drill_scratch.volume_stats
2026-10-01 19:39:51.847 INF pkg/backup/restore.go:2603 > download object_disks finish, duration=0s, size=0B, database=exchange_analytics, table=trades
2026-10-01 19:39:51.847 INF pkg/backup/restore.go:2603 > download object_disks finish, duration=0s, size=0B, database=exchange_analytics, table=volume_stats
2026-10-01 19:39:51.847 INF pkg/backup/restore.go:2503 > done, database=ch_drill_scratch, duration=0s, operation=restoreDataRegular, progress=20/22, table=trades
2026-10-01 19:39:51.847 INF pkg/clickhouse/clickhouse.go:1486 > ALTER TABLE `ch_drill_scratch`.`volume_stats` ATTACH PART '202609_1_1_1'
2026-10-01 19:39:51.847 INF pkg/backup/restore.go:2503 > done, database=ch_drill_scratch, duration=0s, operation=restoreDataRegular, progress=4/22, table=income_ledger
2026-10-01 19:39:51.847 INF pkg/backup/restore.go:2603 > download object_disks finish, duration=0s, size=0B, database=exchange_analytics, table=ohlcv_6h
2026-10-01 19:39:51.847 INF pkg/backup/restore.go:2591 > download object_disks start, table=ch_drill_scratch.ohlcv
2026-10-01 19:39:51.847 INF pkg/backup/restore.go:2503 > done, database=ch_drill_scratch, duration=0s, operation=restoreDataRegular, progress=16/22, table=ohlcv_6h
2026-10-01 19:39:51.847 INF pkg/backup/restore.go:2591 > download object_disks start, table=ch_drill_scratch.greeks_snapshots
2026-10-01 19:39:51.847 INF pkg/backup/restore.go:2591 > download object_disks start, table=ch_drill_scratch.ticks
2026-10-01 19:39:51.847 INF pkg/backup/restore.go:2591 > download object_disks start, table=ch_drill_scratch.volume_stats_hourly_mv
2026-10-01 19:39:51.847 INF pkg/backup/restore.go:2603 > download object_disks finish, duration=0s, size=0B, database=exchange_analytics, table=greeks_snapshots
2026-10-01 19:39:51.847 INF pkg/backup/restore.go:2603 > download object_disks finish, duration=0s, size=0B, database=exchange_analytics, table=ohlcv
2026-10-01 19:39:51.847 INF pkg/backup/restore.go:2503 > done, database=ch_drill_scratch, duration=1ms, operation=restoreDataRegular, progress=3/22, table=greeks_snapshots
2026-10-01 19:39:51.847 INF pkg/backup/restore.go:2503 > done, database=ch_drill_scratch, duration=0s, operation=restoreDataRegular, progress=21/22, table=ohlcv
2026-10-01 19:39:51.847 INF pkg/backup/restore.go:2603 > download object_disks finish, duration=0s, size=0B, database=exchange_analytics, table=ticks
2026-10-01 19:39:51.847 INF pkg/backup/restore.go:2603 > download object_disks finish, duration=0s, size=0B, database=exchange_analytics, table=volume_stats_hourly_mv
2026-10-01 19:39:51.847 INF pkg/clickhouse/clickhouse.go:1486 > ALTER TABLE `ch_drill_scratch`.`ticks` ATTACH PART '202609_1_1_1'
2026-10-01 19:39:51.847 INF pkg/backup/restore.go:2503 > done, database=ch_drill_scratch, duration=0s, operation=restoreDataRegular, progress=22/22, table=volume_stats_hourly_mv
2026-10-01 19:39:51.847 INF pkg/backup/restore.go:2503 > done, database=ch_drill_scratch, duration=0s, operation=restoreDataRegular, progress=15/22, table=ohlcv_5m
2026-10-01 19:39:51.847 INF pkg/backup/restore.go:2591 > download object_disks start, table=ch_drill_scratch.ohlcv_1w
2026-10-01 19:39:51.847 INF pkg/backup/restore.go:2503 > done, database=ch_drill_scratch, duration=0s, operation=restoreDataRegular, progress=12/22, table=account_pnl
2026-10-01 19:39:51.847 INF pkg/backup/restore.go:2503 > done, database=ch_drill_scratch, duration=0s, operation=restoreDataRegular, progress=9/22, table=ohlcv_1m
2026-10-01 19:39:51.847 INF pkg/backup/restore.go:2503 > done, database=ch_drill_scratch, duration=0s, operation=restoreDataRegular, progress=7/22, table=ohlcv_1d
2026-10-01 19:39:51.847 INF pkg/backup/restore.go:2503 > done, database=ch_drill_scratch, duration=0s, operation=restoreDataRegular, progress=18/22, table=tca_results
2026-10-01 19:39:51.847 INF pkg/backup/restore.go:2591 > download object_disks start, table=ch_drill_scratch.ohlcv_1mo
2026-10-01 19:39:51.847 INF pkg/backup/restore.go:2603 > download object_disks finish, duration=0s, size=0B, database=exchange_analytics, table=ohlcv_30m
2026-10-01 19:39:51.847 INF pkg/backup/restore.go:2503 > done, database=ch_drill_scratch, duration=1ms, operation=restoreDataRegular, progress=10/22, table=ohlcv_30m
2026-10-01 19:39:51.847 INF pkg/backup/restore.go:2603 > download object_disks finish, duration=0s, size=0B, database=exchange_analytics, table=ohlcv_1w
2026-10-01 19:39:51.847 INF pkg/backup/restore.go:2503 > done, database=ch_drill_scratch, duration=1ms, operation=restoreDataRegular, progress=1/22, table=ohlcv_1w
2026-10-01 19:39:51.847 INF pkg/backup/restore.go:2603 > download object_disks finish, duration=0s, size=0B, database=exchange_analytics, table=ohlcv_1mo
2026-10-01 19:39:51.847 INF pkg/backup/restore.go:2503 > done, database=ch_drill_scratch, duration=1ms, operation=restoreDataRegular, progress=13/22, table=ohlcv_1mo
2026-10-01 19:39:51.848 INF pkg/backup/restore.go:2503 > done, database=ch_drill_scratch, duration=1ms, operation=restoreDataRegular, progress=5/22, table=volume_stats
2026-10-01 19:39:51.848 INF pkg/backup/restore.go:2503 > done, database=ch_drill_scratch, duration=1ms, operation=restoreDataRegular, progress=19/22, table=ticks
2026-10-01 19:39:51.848 INF pkg/backup/restore.go:2332 > done, backup=drill-2026-Q4, operation=restore_data, duration=40ms
2026-10-01 19:39:51.848 INF pkg/backup/restore.go:130 > done, duration=138ms, operation=restore, version=2.8.1
2026-10-01 19:39:51.848 INF pkg/clickhouse/clickhouse.go:526 > clickhouse connection closed
>> RTO: 192 ms (target <= 1800000 ms)
verify: OK ticks rows=1
verify: OK volume_stats rows=1
>> drill PASS: drill-2026-Q4 -> ch_drill_scratch (drop it: DROP DATABASE ch_drill_scratch)
