=== s1_crash_mid_batch run 1/3 (ipc=chaos-s1r1x1 dir=/www/wwwroot/exc.local/docs/incidents/drills/2026-Q4/evidence/chaos/s1_crash_mid_batch/run-1)
    PASS (1770ms recovery, dups=0 miss=0)
=== s1_crash_mid_batch run 2/3 (ipc=chaos-s1r2x2 dir=/www/wwwroot/exc.local/docs/incidents/drills/2026-Q4/evidence/chaos/s1_crash_mid_batch/run-2)
    PASS (1764ms recovery, dups=0 miss=0)
=== s1_crash_mid_batch run 3/3 (ipc=chaos-s1r3x3 dir=/www/wwwroot/exc.local/docs/incidents/drills/2026-Q4/evidence/chaos/s1_crash_mid_batch/run-3)
    PASS (1775ms recovery, dups=0 miss=0)
=== s2_timeout_requeue run 1/3 (ipc=chaos-s2r1x4 dir=/www/wwwroot/exc.local/docs/incidents/drills/2026-Q4/evidence/chaos/s2_timeout_requeue/run-1)
    PASS (642ms recovery, dups=0 miss=0)
=== s2_timeout_requeue run 2/3 (ipc=chaos-s2r2x5 dir=/www/wwwroot/exc.local/docs/incidents/drills/2026-Q4/evidence/chaos/s2_timeout_requeue/run-2)
    PASS (641ms recovery, dups=0 miss=0)
=== s2_timeout_requeue run 3/3 (ipc=chaos-s2r3x6 dir=/www/wwwroot/exc.local/docs/incidents/drills/2026-Q4/evidence/chaos/s2_timeout_requeue/run-3)
    PASS (642ms recovery, dups=0 miss=0)
=== s3_stale_snapshot run 1/3 (ipc=chaos-s3r1x7 dir=/www/wwwroot/exc.local/docs/incidents/drills/2026-Q4/evidence/chaos/s3_stale_snapshot/run-1)
    PASS (109ms recovery, dups=0 miss=0)
=== s3_stale_snapshot run 2/3 (ipc=chaos-s3r2x8 dir=/www/wwwroot/exc.local/docs/incidents/drills/2026-Q4/evidence/chaos/s3_stale_snapshot/run-2)
    PASS (109ms recovery, dups=0 miss=0)
=== s3_stale_snapshot run 3/3 (ipc=chaos-s3r3x9 dir=/www/wwwroot/exc.local/docs/incidents/drills/2026-Q4/evidence/chaos/s3_stale_snapshot/run-3)
    PASS (110ms recovery, dups=0 miss=0)
=== s4_wal_trimmed_pitr run 1/3 (ipc=chaos-s4r1x10 dir=/www/wwwroot/exc.local/docs/incidents/drills/2026-Q4/evidence/chaos/s4_wal_trimmed_pitr/run-1)
    PASS (22ms recovery, dups=0 miss=0)
=== s4_wal_trimmed_pitr run 2/3 (ipc=chaos-s4r2x11 dir=/www/wwwroot/exc.local/docs/incidents/drills/2026-Q4/evidence/chaos/s4_wal_trimmed_pitr/run-2)
    PASS (20ms recovery, dups=0 miss=0)
=== s4_wal_trimmed_pitr run 3/3 (ipc=chaos-s4r3x12 dir=/www/wwwroot/exc.local/docs/incidents/drills/2026-Q4/evidence/chaos/s4_wal_trimmed_pitr/run-3)
    PASS (17ms recovery, dups=0 miss=0)
=== s5_pid_conflict run 1/3 (ipc=chaos-s5r1x13 dir=/www/wwwroot/exc.local/docs/incidents/drills/2026-Q4/evidence/chaos/s5_pid_conflict/run-1)
    PASS (109ms recovery, dups=0 miss=0)
=== s5_pid_conflict run 2/3 (ipc=chaos-s5r2x14 dir=/www/wwwroot/exc.local/docs/incidents/drills/2026-Q4/evidence/chaos/s5_pid_conflict/run-2)
    PASS (109ms recovery, dups=0 miss=0)
=== s5_pid_conflict run 3/3 (ipc=chaos-s5r3x15 dir=/www/wwwroot/exc.local/docs/incidents/drills/2026-Q4/evidence/chaos/s5_pid_conflict/run-3)
    PASS (110ms recovery, dups=0 miss=0)
=== s6_warm_recovery run 1/3 (ipc=chaos-s6r1x16 dir=/www/wwwroot/exc.local/docs/incidents/drills/2026-Q4/evidence/chaos/s6_warm_recovery/run-1)
    PASS (710ms recovery, dups=0 miss=0)
=== s6_warm_recovery run 2/3 (ipc=chaos-s6r2x17 dir=/www/wwwroot/exc.local/docs/incidents/drills/2026-Q4/evidence/chaos/s6_warm_recovery/run-2)
    PASS (704ms recovery, dups=0 miss=0)
=== s6_warm_recovery run 3/3 (ipc=chaos-s6r3x18 dir=/www/wwwroot/exc.local/docs/incidents/drills/2026-Q4/evidence/chaos/s6_warm_recovery/run-3)
    PASS (705ms recovery, dups=0 miss=0)
suite done: 18/18 passed — report: /www/wwwroot/exc.local/tests/chaos/CHAOS-REPORT.md
